[cloudera@localhost ~]$ hive
Logging initialized using configuration in jar:file:/usr/lib/hive/lib/hive-common-0.10.0-cdh4.7.0.jar!/hive-log4j.properties
Hive history file=/tmp/cloudera/hive_job_log_6df0f217-65a4-4ee6-bffb-388249901a03_1208273047.txt
hive> hive -hiveconf hive.root.logger=INFO,console
    > ;
FAILED: ParseException line 1:0 cannot recognize input near 'hive' '-' 'hiveconf'

hive>      
[1]+  Stopped                 hive
[cloudera@localhost ~]$ hive
Logging initialized using configuration in jar:file:/usr/lib/hive/lib/hive-common-0.10.0-cdh4.7.0.jar!/hive-log4j.properties
Hive history file=/tmp/cloudera/hive_job_log_a6e98ecf-5e42-4e86-a1fc-3dc35984e692_2146216005.txt
hive> 
[2]+  Stopped                 hive
[cloudera@localhost ~]$ hive
Logging initialized using configuration in jar:file:/usr/lib/hive/lib/hive-common-0.10.0-cdh4.7.0.jar!/hive-log4j.properties
Hive history file=/tmp/cloudera/hive_job_log_10ddfb35-ab96-406d-b414-3cca3be887e2_1776336030.txt
hive> select * from scaledaggregate;
OK
Congo, Dem. Rep.	10.2391401174138479949951486045456792566597242907518212232934486915
Sierra Leone	11.2612815175749289295860961993012040209238347228973810210356657825
Malawi	12.3822238343269172208180856926004084964600179417229113756198733535
Burundi	12.960144996521223384801879269196721306849362752783047931616749321
Mauritania	14.826129291267400285490665548088792535398573080361615217690552728
Ethiopia	15.621335671092111578454503538082967940526339593240572205288631591
Lesotho	15.955570971585129168459780776491544640149553695666763587508278826
Mozambique	16.6413873915711126509798607939969697506696375308057187936760663885
Afghanistan	17.756586100757809771039927809848581231112791343210105650813293253
Zambia	17.917844697621406813120095417126009952948476525139912026683227575
Tanzania	19.1494822534871823986515605104911619397076884349037847521694977575
Kenya	19.1994403410337328182311610779867933296390262819412929048309325215
Yemen, Rep.	20.0851876202351523863058711551675857320358989088925015673661664835
Uganda	20.5657901790932717449004965564288868731345618848295783865784512635
Liberia	20.7206137989752106438117017883737604369346009862372722584234913655
Ghana	22.112541422150476988885658035937943840124631587832907358423073807
Mali	23.07487106888255171875476053506917986717859553026242023199152236
Rwanda	23.6853304015880496372018403932698579330559336323518754932278544415
Nepal	26.2774019881961033540569097345455157946587162150192297811558790725
Togo	27.510049533871549093369894031200219986954866930872609512259839252
Jamaica	27.656075909624064926039893393351169937689704041008864350278781848
Niger	28.0273288813306079361367112222238549321180048783673511474203692975
Pakistan	28.398337320342569246212444566600896402037869318370571408528038147
Benin	28.4415033144908039612735843823559940660348629457307474708327852635
Burkina Faso	28.669965033817148965718132687234023846305595583415346747346688512
Congo, Rep.	29.699771391695189511172707018512516866166742709253418042019437619
Nicaragua	29.9806874810384452285085167504952250671269935757673413852705338675
Honduras	30.145056769949767686952075334208639025540127960498340161667937529
Kyrgyz Republic	30.814838476610593313489631620499097282198149953092422147410273744
Botswana	31.1165401779541748236253197933621476047281348079276414211000886135
Tajikistan	31.387127518090891674986425279539256216436338486150619430254094562
Bangladesh	31.906597245730512877490437526040387793892480615692104386737392666
Lao PDR	32.1768918506153737486984126603653652849397203390805078834933233355
Mongolia	32.8702284560757668058826860307536544447177656319121387807615096255
Syrian Arab Republic	33.0082431591654979449389665679690677499768532913242047977319794415
Cambodia	33.025463657533569081737662803327782858184853954906701023914352468
Guatemala	33.33458374034603419395614169426184278262426323646973226094812909
Guyana	33.4358119535585754021027687314740291423974868273927893327522787195
Cameroon	35.358033098886638282543264635654545692138676490559973333658653471
El Salvador	36.951532806787974917612812947564450255727995056534279314888663997
Sri Lanka	37.2647261689203232965565762294326970746045932434828569498453053345
Egypt, Arab Rep.	37.3184759422848943717854718742392173613343276055640497196834054595
Moldova	37.603615224724951320565611217776484645636623831622913631744215795
Bolivia	38.3669398080677847937556894577072311963384854142998417220281051505
Paraguay	38.545908365229214615654782951486660421204208249403002802181298599
Armenia	38.9596402938093775352717086428254482171233973218869823707837020515
Suriname	40.2816859443488837509018566918071946138820633006068949902118260075
India	41.895305306310670892944838638211077328176098215235775519524004509
Ukraine	42.486253884277611899206762000757465674558384341819103765126557953
Belarus	42.9825893347821259793439177608556462402883543879047562754610799455
Senegal	43.0338093354685659299271622145303865626794591523793660268866999495
Maldives	43.509127077350341230705354333289390370496693500160746657545985566
Azerbaijan	44.1695518592291029648334672695651085817567415416984157161815596615
Costa Rica	44.5285211274924218989718194404387041327333219161967136776113852795
Tunisia	44.8790752817726200947503066155978059203893059654621835554274369375
Indonesia	45.8356050778201953694824791508027121629034233470766490045363046095
Jordan	46.3192865670367910795575201761459463637250978414887664760324529175
Mauritius	46.3451700582276453518505091024772631793358472209269305355941749825
Macedonia, FYR	46.7541358446094100512122768688118372195434614464605991764532443085
Colombia	46.774437546079297397164201337104381275358252045036107006028866858
Trinidad and Tobago	46.8970070742249521031717068939234834260622685842361968402571129855
Venezuela, RB	47.7426574569958968794703804896276920533081980346698071769201423045
Kazakhstan	47.7554906666069340004572685922881896557268516966205247822639641495
Philippines	47.8602912819709778412451792115955569911186161315046109674292211875
Panama	48.720252143833246650747934661051060642930660512831934602110917138
Uruguay	48.900672690881649486641830462807010759732002240207801677499042285
Albania	50.9049669553022469981065541960862442595041826674195561108506069825
Algeria	51.017303493650680882014403091664699223285881242538223920126889346
Belize	51.088670954935518190785909496286967846991746011401947383814780035
Bulgaria	51.327141504252526655387074015824194795089203145653381245928275213
Turkey	51.7676150505658616973437885452596250751078274322787809661522723635
Morocco	52.664771708945901244128058487359230911720353139052787203901696486
Barbados	52.953918386233652578655233148866450616219551961299592005581449387
Peru	53.3617199933787960811584606738779678107757056482207659547930495625
Latvia	53.6056680996277161525196059887176465499686411555488114667496142255
Romania	54.4756358385351510605044397085486849910236131035404433713615701705
Thailand	56.7328744171205704686853552282384329499696835427075619532243759055
Russian Federation	57.1968253013093801176236902350311366743180714803364329888084241815
Lithuania	57.217192275833303520088065242468970934629029570389802419923629441
Estonia	58.1226062768723938923319061380584545684050780322091359547975472855
Mexico	59.818855766537564240096764568279206929348535726429019764901531998
Iceland	62.4528795947234775596779652910444931643860601511727585377584918645
Hungary	62.653031308825388599958987536475559265532636701198859794859916901
Croatia	62.9516572519258878228929614416635592333320852154266949603334502225
Lebanon	63.023177059917201085877208381017395361579092037913297363938867204
Chile	65.034263864446032299603127028468086334281092789290834707894264425
Kuwait	65.6278461366539227975122867826232390970613477452777424076482919255
Slovak Republic	65.6582939867060630562204689976367969426800793798447042256578396585
Bahrain	66.6547587971145296706813897585493981107235105385245776972233788095
Malaysia	67.102171418233858874180333717255757416512611495912908320931348674
Qatar	69.0203181943054554188157585725927303309274010819220354668811970185
Saudi Arabia	69.432532654634058644690264776204485563412699510069371992501376971
Malta	71.4618230172882958274733538281144075462046423997843692381245215645
Slovenia	71.91208199164327620332467663102520095573235686460564628037718331
Poland	73.130351749788640584425020371568447635528784384643194620501502608
Cyprus	73.671899414027143306179188561208399457830584990088603606677826895
Greece	74.2511399194753109786129664748524387074594770798444359827489677285
Portugal	74.42704637033661105865219598823285595236222382929459645426873222
China	76.503749672970858308555743106154514753498136232046029983837427772
Czech Republic	77.7896302605262507905039388470511666302281959420288382073424935485
Spain	79.542750099939106464262912538502796369164125122884793259511098508
Ireland	79.680210542542248495871131399495256487264377906351651084197232044
Korea, Rep.	79.918570017337038053822275878416387533764672467217468539430922952
Singapore	81.375502950618258704330977965397409674537969989510837680598692422
Finland	81.4092513005004006147989567779024806498928262637967650665014604565
Australia	82.022440274142499892794955424204016227285017495843173691524157295
United Kingdom	82.438852030423362965000877686774505006407519006593247330943832412
Luxembourg	84.267718622566544130069996359911923964374413614095041109100712474
Japan	84.598445998659625683715193757748240572521284272540145064784239887
Sweden	84.668215972446401541874364933736816608569470216703134080937550457
Austria	84.770217626462763069879254883683517512072117554285641171424288037
Switzerland	85.605230879497942371198331524153654344714669924001575437708701745
France	85.85027107063351602512801395493221328191930656314045482507887722
Belgium	86.013127316311511994168665131046197791486989401301309880200035537
Canada	88.045552722827893693158290649556404254812632865563156277943851742
Denmark	89.5270708721897900307451647942169643717483999926467091564711487655
Netherlands	90.266966774725904413044178190436627383077842475691526678608377108
Germany	92.174940067352413718667957293425020994938774923368595044004812174
Norway	94.349262215338066444164261873806316876039461396274860859423412455
United States	96.773967608551357996230668654907599468372442870068785832666330667
Time taken: 3.953 seconds
hive>  
[3]+  Stopped                 hive
[cloudera@localhost ~]$ hive
Logging initialized using configuration in jar:file:/usr/lib/hive/lib/hive-common-0.10.0-cdh4.7.0.jar!/hive-log4j.properties
Hive history file=/tmp/cloudera/hive_job_log_ba9dc8da-0e0f-4fe9-a195-736ffb9553af_1752758698.txt
hive>                               
[4]+  Stopped                 hive
[cloudera@localhost ~]$ clear

[cloudera@localhost ~]$ hive                                                                                                                                 
Logging initialized using configuration in jar:file:/usr/lib/hive/lib/hive-common-0.10.0-cdh4.7.0.jar!/hive-log4j.properties                                 
Hive history file=/tmp/cloudera/hive_job_log_d47bc6b8-1153-4744-aa41-f9da37e54e36_1133755432.txt                                                             
hive> select * from scaledaggregate;                                                                                                                         
OK                                                                                                                                                           
Congo, Dem. Rep.	10.2391401174138479949951486045456792566597242907518212232934486915                                                                  
Sierra Leone	11.2612815175749289295860961993012040209238347228973810210356657825                                                                          
Malawi	12.3822238343269172208180856926004084964600179417229113756198733535                                                                                  
Burundi	12.960144996521223384801879269196721306849362752783047931616749321                                                                                   
Mauritania	14.826129291267400285490665548088792535398573080361615217690552728                                                                           
Ethiopia	15.621335671092111578454503538082967940526339593240572205288631591                                                                           
Lesotho	15.955570971585129168459780776491544640149553695666763587508278826                                                                                   
Mozambique	16.6413873915711126509798607939969697506696375308057187936760663885                                                                          
Afghanistan	17.756586100757809771039927809848581231112791343210105650813293253                                                                           
Zambia	17.917844697621406813120095417126009952948476525139912026683227575                                                                                   
Tanzania	19.1494822534871823986515605104911619397076884349037847521694977575                                                                          
Kenya	19.1994403410337328182311610779867933296390262819412929048309325215                                                                                  
Yemen, Rep.	20.0851876202351523863058711551675857320358989088925015673661664835                                                                          
Uganda	20.5657901790932717449004965564288868731345618848295783865784512635                                                                                  
Liberia	20.7206137989752106438117017883737604369346009862372722584234913655                                                                                  
Ghana	22.112541422150476988885658035937943840124631587832907358423073807                                                                                   
Mali	23.07487106888255171875476053506917986717859553026242023199152236                                                                                    
Rwanda	23.6853304015880496372018403932698579330559336323518754932278544415                                                                                  
Nepal	26.2774019881961033540569097345455157946587162150192297811558790725                                                                                  
Togo	27.510049533871549093369894031200219986954866930872609512259839252                                                                                   
Jamaica	27.656075909624064926039893393351169937689704041008864350278781848                                                                                   
Niger	28.0273288813306079361367112222238549321180048783673511474203692975                                                                                  
Pakistan	28.398337320342569246212444566600896402037869318370571408528038147                                                                           
Benin	28.4415033144908039612735843823559940660348629457307474708327852635                                                                                  
Burkina Faso	28.669965033817148965718132687234023846305595583415346747346688512                                                                           
Congo, Rep.	29.699771391695189511172707018512516866166742709253418042019437619                                                                           
Nicaragua	29.9806874810384452285085167504952250671269935757673413852705338675                                                                          
Honduras	30.145056769949767686952075334208639025540127960498340161667937529                                                                           
Kyrgyz Republic	30.814838476610593313489631620499097282198149953092422147410273744                                                                           
Botswana	31.1165401779541748236253197933621476047281348079276414211000886135
Tajikistan	31.387127518090891674986425279539256216436338486150619430254094562
Bangladesh	31.906597245730512877490437526040387793892480615692104386737392666
Lao PDR	32.1768918506153737486984126603653652849397203390805078834933233355
Mongolia	32.8702284560757668058826860307536544447177656319121387807615096255
Syrian Arab Republic	33.0082431591654979449389665679690677499768532913242047977319794415
Cambodia	33.025463657533569081737662803327782858184853954906701023914352468
Guatemala	33.33458374034603419395614169426184278262426323646973226094812909
Guyana	33.4358119535585754021027687314740291423974868273927893327522787195
Cameroon	35.358033098886638282543264635654545692138676490559973333658653471
El Salvador	36.951532806787974917612812947564450255727995056534279314888663997
Sri Lanka	37.2647261689203232965565762294326970746045932434828569498453053345
Egypt, Arab Rep.	37.3184759422848943717854718742392173613343276055640497196834054595
Moldova	37.603615224724951320565611217776484645636623831622913631744215795
Bolivia	38.3669398080677847937556894577072311963384854142998417220281051505
Paraguay	38.545908365229214615654782951486660421204208249403002802181298599
Armenia	38.9596402938093775352717086428254482171233973218869823707837020515
Suriname	40.2816859443488837509018566918071946138820633006068949902118260075
India	41.895305306310670892944838638211077328176098215235775519524004509
Ukraine	42.486253884277611899206762000757465674558384341819103765126557953
Belarus	42.9825893347821259793439177608556462402883543879047562754610799455
Senegal	43.0338093354685659299271622145303865626794591523793660268866999495
Maldives	43.509127077350341230705354333289390370496693500160746657545985566
Azerbaijan	44.1695518592291029648334672695651085817567415416984157161815596615
Costa Rica	44.5285211274924218989718194404387041327333219161967136776113852795
Tunisia	44.8790752817726200947503066155978059203893059654621835554274369375
Indonesia	45.8356050778201953694824791508027121629034233470766490045363046095
Jordan	46.3192865670367910795575201761459463637250978414887664760324529175
Mauritius	46.3451700582276453518505091024772631793358472209269305355941749825
Macedonia, FYR	46.7541358446094100512122768688118372195434614464605991764532443085
Colombia	46.774437546079297397164201337104381275358252045036107006028866858
Trinidad and Tobago	46.8970070742249521031717068939234834260622685842361968402571129855
Venezuela, RB	47.7426574569958968794703804896276920533081980346698071769201423045
Kazakhstan	47.7554906666069340004572685922881896557268516966205247822639641495
Philippines	47.8602912819709778412451792115955569911186161315046109674292211875
Panama	48.720252143833246650747934661051060642930660512831934602110917138
Uruguay	48.900672690881649486641830462807010759732002240207801677499042285
Albania	50.9049669553022469981065541960862442595041826674195561108506069825
Algeria	51.017303493650680882014403091664699223285881242538223920126889346
Belize	51.088670954935518190785909496286967846991746011401947383814780035
Bulgaria	51.327141504252526655387074015824194795089203145653381245928275213
Turkey	51.7676150505658616973437885452596250751078274322787809661522723635
Morocco	52.664771708945901244128058487359230911720353139052787203901696486
Barbados	52.953918386233652578655233148866450616219551961299592005581449387
Peru	53.3617199933787960811584606738779678107757056482207659547930495625
Latvia	53.6056680996277161525196059887176465499686411555488114667496142255
Romania	54.4756358385351510605044397085486849910236131035404433713615701705
Thailand	56.7328744171205704686853552282384329499696835427075619532243759055
Russian Federation	57.1968253013093801176236902350311366743180714803364329888084241815
Lithuania	57.217192275833303520088065242468970934629029570389802419923629441
Estonia	58.1226062768723938923319061380584545684050780322091359547975472855
Mexico	59.818855766537564240096764568279206929348535726429019764901531998
Iceland	62.4528795947234775596779652910444931643860601511727585377584918645
Hungary	62.653031308825388599958987536475559265532636701198859794859916901
Croatia	62.9516572519258878228929614416635592333320852154266949603334502225
Lebanon	63.023177059917201085877208381017395361579092037913297363938867204
Chile	65.034263864446032299603127028468086334281092789290834707894264425
Kuwait	65.6278461366539227975122867826232390970613477452777424076482919255
Slovak Republic	65.6582939867060630562204689976367969426800793798447042256578396585
Bahrain	66.6547587971145296706813897585493981107235105385245776972233788095
Malaysia	67.102171418233858874180333717255757416512611495912908320931348674
Qatar	69.0203181943054554188157585725927303309274010819220354668811970185
Saudi Arabia	69.432532654634058644690264776204485563412699510069371992501376971
Malta	71.4618230172882958274733538281144075462046423997843692381245215645
Slovenia	71.91208199164327620332467663102520095573235686460564628037718331
Poland	73.130351749788640584425020371568447635528784384643194620501502608
Cyprus	73.671899414027143306179188561208399457830584990088603606677826895
Greece	74.2511399194753109786129664748524387074594770798444359827489677285
Portugal	74.42704637033661105865219598823285595236222382929459645426873222
China	76.503749672970858308555743106154514753498136232046029983837427772
Czech Republic	77.7896302605262507905039388470511666302281959420288382073424935485
Spain	79.542750099939106464262912538502796369164125122884793259511098508
Ireland	79.680210542542248495871131399495256487264377906351651084197232044
Korea, Rep.	79.918570017337038053822275878416387533764672467217468539430922952
Singapore	81.375502950618258704330977965397409674537969989510837680598692422
Finland	81.4092513005004006147989567779024806498928262637967650665014604565
Australia	82.022440274142499892794955424204016227285017495843173691524157295
United Kingdom	82.438852030423362965000877686774505006407519006593247330943832412
Luxembourg	84.267718622566544130069996359911923964374413614095041109100712474
Japan	84.598445998659625683715193757748240572521284272540145064784239887
Sweden	84.668215972446401541874364933736816608569470216703134080937550457
Austria	84.770217626462763069879254883683517512072117554285641171424288037
Switzerland	85.605230879497942371198331524153654344714669924001575437708701745
France	85.85027107063351602512801395493221328191930656314045482507887722
Belgium	86.013127316311511994168665131046197791486989401301309880200035537
Canada	88.045552722827893693158290649556404254812632865563156277943851742
Denmark	89.5270708721897900307451647942169643717483999926467091564711487655
Netherlands	90.266966774725904413044178190436627383077842475691526678608377108
Germany	92.174940067352413718667957293425020994938774923368595044004812174
Norway	94.349262215338066444164261873806316876039461396274860859423412455
United States	96.773967608551357996230668654907599468372442870068785832666330667
Time taken: 3.104 seconds
hive> 
[5]+  Stopped                 hive
[cloudera@localhost ~]$ clear

[cloudera@localhost ~]$ hive                                                                                                                                 
Logging initialized using configuration in jar:file:/usr/lib/hive/lib/hive-common-0.10.0-cdh4.7.0.jar!/hive-log4j.properties                                 
Hive history file=/tmp/cloudera/hive_job_log_1cb7a541-fcc8-43c8-a277-e76c54a2f516_168479638.txt                                                              
hive> select * from scaledaggreagate;                                                                                                                        
FAILED: SemanticException [Error 10001]: Line 1:14 Table not found 'scaledaggreagate'                                                                        
hive>                                                                                                                                                        
[6]+  Stopped                 hive                                                                                                                           
[cloudera@localhost ~]$ CLEAR                                                                                                                                
bash: CLEAR: command not found                                                                                                                               
[cloudera@localhost ~]$ clear                                                                                                                                
                                                                                                                                                             
                                                                                                                                                             
                                                                                                                                                             
                                                                                                                                                             
                                                                                                                                                             
                                                                                                                                                             
                                                                                                                                                             
                                                                                                                                                             
                                                                                                                                                             
                                                                                                                                                             
                                                                                                                                                             
                                                                                                                                                             
                                                                                                                                                             
                                                                                                                                                             
                                                                                                                                                             
                                                                                                                                                             
                                                                                                                                                             
                                                                                                                                                             
                                                                                                                                                             
                                                                                                                                                             
                                                                                                                                                             
                                                                                                                                                             
                                                                                                                                                             
                                                                                                                                                             
[cloudera@localhost ~]$ hive                                                                                                                                 
Logging initialized using configuration in jar:file:/usr/lib/hive/lib/hive-common-0.10.0-cdh4.7.0.jar!/hive-log4j.properties                                 
Hive history file=/tmp/cloudera/hive_job_log_fe4bd5f2-0c98-4054-8b41-90bde33a02a9_1455214299.txt                                                             
hive> select * from scaledaggregate;                                                                                                                         
OK                                                                                                                                                           
Congo, Dem. Rep.	10.2391401174138479949951486045456792566597242907518212232934486915                                                                  
Sierra Leone	11.2612815175749289295860961993012040209238347228973810210356657825                                                                          
Malawi	12.3822238343269172208180856926004084964600179417229113756198733535                                                                                  
Burundi	12.960144996521223384801879269196721306849362752783047931616749321                                                                                   
Mauritania	14.826129291267400285490665548088792535398573080361615217690552728                                                                           
Ethiopia	15.621335671092111578454503538082967940526339593240572205288631591                                                                           
Lesotho	15.955570971585129168459780776491544640149553695666763587508278826                                                                                   
Mozambique	16.6413873915711126509798607939969697506696375308057187936760663885                                                                          
Afghanistan	17.756586100757809771039927809848581231112791343210105650813293253                                                                           
Zambia	17.917844697621406813120095417126009952948476525139912026683227575                                                                                   
Tanzania	19.1494822534871823986515605104911619397076884349037847521694977575                                                                          
Kenya	19.1994403410337328182311610779867933296390262819412929048309325215                                                                                  
Yemen, Rep.	20.0851876202351523863058711551675857320358989088925015673661664835                                                                          
Uganda	20.5657901790932717449004965564288868731345618848295783865784512635                                                                                  
Liberia	20.7206137989752106438117017883737604369346009862372722584234913655                                                                                  
Ghana	22.112541422150476988885658035937943840124631587832907358423073807                                                                                   
Mali	23.07487106888255171875476053506917986717859553026242023199152236                                                                                    
Rwanda	23.6853304015880496372018403932698579330559336323518754932278544415                                                                                  
Nepal	26.2774019881961033540569097345455157946587162150192297811558790725                                                                                  
Togo	27.510049533871549093369894031200219986954866930872609512259839252                                                                                   
Jamaica	27.656075909624064926039893393351169937689704041008864350278781848                                                                                   
Niger	28.0273288813306079361367112222238549321180048783673511474203692975                                                                                  
Pakistan	28.398337320342569246212444566600896402037869318370571408528038147                                                                           
Benin	28.4415033144908039612735843823559940660348629457307474708327852635                                                                                  
Burkina Faso	28.669965033817148965718132687234023846305595583415346747346688512                                                                           
Congo, Rep.	29.699771391695189511172707018512516866166742709253418042019437619                                                                           
Nicaragua	29.9806874810384452285085167504952250671269935757673413852705338675                                                                          
Honduras	30.145056769949767686952075334208639025540127960498340161667937529                                                                           
Kyrgyz Republic	30.814838476610593313489631620499097282198149953092422147410273744                                                                           
Botswana	31.1165401779541748236253197933621476047281348079276414211000886135
Tajikistan	31.387127518090891674986425279539256216436338486150619430254094562
Bangladesh	31.906597245730512877490437526040387793892480615692104386737392666
Lao PDR	32.1768918506153737486984126603653652849397203390805078834933233355
Mongolia	32.8702284560757668058826860307536544447177656319121387807615096255
Syrian Arab Republic	33.0082431591654979449389665679690677499768532913242047977319794415
Cambodia	33.025463657533569081737662803327782858184853954906701023914352468
Guatemala	33.33458374034603419395614169426184278262426323646973226094812909
Guyana	33.4358119535585754021027687314740291423974868273927893327522787195
Cameroon	35.358033098886638282543264635654545692138676490559973333658653471
El Salvador	36.951532806787974917612812947564450255727995056534279314888663997
Sri Lanka	37.2647261689203232965565762294326970746045932434828569498453053345
Egypt, Arab Rep.	37.3184759422848943717854718742392173613343276055640497196834054595
Moldova	37.603615224724951320565611217776484645636623831622913631744215795
Bolivia	38.3669398080677847937556894577072311963384854142998417220281051505
Paraguay	38.545908365229214615654782951486660421204208249403002802181298599
Armenia	38.9596402938093775352717086428254482171233973218869823707837020515
Suriname	40.2816859443488837509018566918071946138820633006068949902118260075
India	41.895305306310670892944838638211077328176098215235775519524004509
Ukraine	42.486253884277611899206762000757465674558384341819103765126557953
Belarus	42.9825893347821259793439177608556462402883543879047562754610799455
Senegal	43.0338093354685659299271622145303865626794591523793660268866999495
Maldives	43.509127077350341230705354333289390370496693500160746657545985566
Azerbaijan	44.1695518592291029648334672695651085817567415416984157161815596615
Costa Rica	44.5285211274924218989718194404387041327333219161967136776113852795
Tunisia	44.8790752817726200947503066155978059203893059654621835554274369375
Indonesia	45.8356050778201953694824791508027121629034233470766490045363046095
Jordan	46.3192865670367910795575201761459463637250978414887664760324529175
Mauritius	46.3451700582276453518505091024772631793358472209269305355941749825
Macedonia, FYR	46.7541358446094100512122768688118372195434614464605991764532443085
Colombia	46.774437546079297397164201337104381275358252045036107006028866858
Trinidad and Tobago	46.8970070742249521031717068939234834260622685842361968402571129855
Venezuela, RB	47.7426574569958968794703804896276920533081980346698071769201423045
Kazakhstan	47.7554906666069340004572685922881896557268516966205247822639641495
Philippines	47.8602912819709778412451792115955569911186161315046109674292211875
Panama	48.720252143833246650747934661051060642930660512831934602110917138
Uruguay	48.900672690881649486641830462807010759732002240207801677499042285
Albania	50.9049669553022469981065541960862442595041826674195561108506069825
Algeria	51.017303493650680882014403091664699223285881242538223920126889346
Belize	51.088670954935518190785909496286967846991746011401947383814780035
Bulgaria	51.327141504252526655387074015824194795089203145653381245928275213
Turkey	51.7676150505658616973437885452596250751078274322787809661522723635
Morocco	52.664771708945901244128058487359230911720353139052787203901696486
Barbados	52.953918386233652578655233148866450616219551961299592005581449387
Peru	53.3617199933787960811584606738779678107757056482207659547930495625
Latvia	53.6056680996277161525196059887176465499686411555488114667496142255
Romania	54.4756358385351510605044397085486849910236131035404433713615701705
Thailand	56.7328744171205704686853552282384329499696835427075619532243759055
Russian Federation	57.1968253013093801176236902350311366743180714803364329888084241815
Lithuania	57.217192275833303520088065242468970934629029570389802419923629441
Estonia	58.1226062768723938923319061380584545684050780322091359547975472855
Mexico	59.818855766537564240096764568279206929348535726429019764901531998
Iceland	62.4528795947234775596779652910444931643860601511727585377584918645
Hungary	62.653031308825388599958987536475559265532636701198859794859916901
Croatia	62.9516572519258878228929614416635592333320852154266949603334502225
Lebanon	63.023177059917201085877208381017395361579092037913297363938867204
Chile	65.034263864446032299603127028468086334281092789290834707894264425
Kuwait	65.6278461366539227975122867826232390970613477452777424076482919255
Slovak Republic	65.6582939867060630562204689976367969426800793798447042256578396585
Bahrain	66.6547587971145296706813897585493981107235105385245776972233788095
Malaysia	67.102171418233858874180333717255757416512611495912908320931348674
Qatar	69.0203181943054554188157585725927303309274010819220354668811970185
Saudi Arabia	69.432532654634058644690264776204485563412699510069371992501376971
Malta	71.4618230172882958274733538281144075462046423997843692381245215645
Slovenia	71.91208199164327620332467663102520095573235686460564628037718331
Poland	73.130351749788640584425020371568447635528784384643194620501502608
Cyprus	73.671899414027143306179188561208399457830584990088603606677826895
Greece	74.2511399194753109786129664748524387074594770798444359827489677285
Portugal	74.42704637033661105865219598823285595236222382929459645426873222
China	76.503749672970858308555743106154514753498136232046029983837427772
Czech Republic	77.7896302605262507905039388470511666302281959420288382073424935485
Spain	79.542750099939106464262912538502796369164125122884793259511098508
Ireland	79.680210542542248495871131399495256487264377906351651084197232044
Korea, Rep.	79.918570017337038053822275878416387533764672467217468539430922952
Singapore	81.375502950618258704330977965397409674537969989510837680598692422
Finland	81.4092513005004006147989567779024806498928262637967650665014604565
Australia	82.022440274142499892794955424204016227285017495843173691524157295
United Kingdom	82.438852030423362965000877686774505006407519006593247330943832412
Luxembourg	84.267718622566544130069996359911923964374413614095041109100712474
Japan	84.598445998659625683715193757748240572521284272540145064784239887
Sweden	84.668215972446401541874364933736816608569470216703134080937550457
Austria	84.770217626462763069879254883683517512072117554285641171424288037
Switzerland	85.605230879497942371198331524153654344714669924001575437708701745
France	85.85027107063351602512801395493221328191930656314045482507887722
Belgium	86.013127316311511994168665131046197791486989401301309880200035537
Canada	88.045552722827893693158290649556404254812632865563156277943851742
Denmark	89.5270708721897900307451647942169643717483999926467091564711487655
Netherlands	90.266966774725904413044178190436627383077842475691526678608377108
Germany	92.174940067352413718667957293425020994938774923368595044004812174
Norway	94.349262215338066444164261873806316876039461396274860859423412455
United States	96.773967608551357996230668654907599468372442870068785832666330667
Time taken: 3.458 seconds
hive> 
